Error: Unable to find git in your PATH. 
